Archive member included to satisfy reference by file (symbol)

c:/tools/gnu_mcu_eclipse/arm_embedded_gcc/8.2.1-1.4-20190214-0604/bin/../lib/gcc/arm-none-eabi/8.2.1/../../../../arm-none-eabi/lib/thumb/v7e-m+fp/hard\libc_nano.a(lib_a-ctype_.o)
                              _build/nrf52832_xxaa/nrf_log_str_formatter.c.o (_ctype_)
c:/tools/gnu_mcu_eclipse/arm_embedded_gcc/8.2.1-1.4-20190214-0604/bin/../lib/gcc/arm-none-eabi/8.2.1/../../../../arm-none-eabi/lib/thumb/v7e-m+fp/hard\libc_nano.a(lib_a-exit.o)
                              c:/tools/gnu_mcu_eclipse/arm_embedded_gcc/8.2.1-1.4-20190214-0604/bin/../lib/gcc/arm-none-eabi/8.2.1/../../../../arm-none-eabi/lib/thumb/v7e-m+fp/hard/crt0.o (exit)
c:/tools/gnu_mcu_eclipse/arm_embedded_gcc/8.2.1-1.4-20190214-0604/bin/../lib/gcc/arm-none-eabi/8.2.1/../../../../arm-none-eabi/lib/thumb/v7e-m+fp/hard\libc_nano.a(lib_a-impure.o)
                              c:/tools/gnu_mcu_eclipse/arm_embedded_gcc/8.2.1-1.4-20190214-0604/bin/../lib/gcc/arm-none-eabi/8.2.1/../../../../arm-none-eabi/lib/thumb/v7e-m+fp/hard\libc_nano.a(lib_a-exit.o) (_global_impure_ptr)
c:/tools/gnu_mcu_eclipse/arm_embedded_gcc/8.2.1-1.4-20190214-0604/bin/../lib/gcc/arm-none-eabi/8.2.1/../../../../arm-none-eabi/lib/thumb/v7e-m+fp/hard\libc_nano.a(lib_a-init.o)
                              c:/tools/gnu_mcu_eclipse/arm_embedded_gcc/8.2.1-1.4-20190214-0604/bin/../lib/gcc/arm-none-eabi/8.2.1/../../../../arm-none-eabi/lib/thumb/v7e-m+fp/hard/crt0.o (__libc_init_array)
c:/tools/gnu_mcu_eclipse/arm_embedded_gcc/8.2.1-1.4-20190214-0604/bin/../lib/gcc/arm-none-eabi/8.2.1/../../../../arm-none-eabi/lib/thumb/v7e-m+fp/hard\libc_nano.a(lib_a-memcpy-stub.o)
                              _build/nrf52832_xxaa/nrf_log_frontend.c.o (memcpy)
c:/tools/gnu_mcu_eclipse/arm_embedded_gcc/8.2.1-1.4-20190214-0604/bin/../lib/gcc/arm-none-eabi/8.2.1/../../../../arm-none-eabi/lib/thumb/v7e-m+fp/hard\libc_nano.a(lib_a-memset.o)
                              c:/tools/gnu_mcu_eclipse/arm_embedded_gcc/8.2.1-1.4-20190214-0604/bin/../lib/gcc/arm-none-eabi/8.2.1/../../../../arm-none-eabi/lib/thumb/v7e-m+fp/hard/crt0.o (memset)
c:/tools/gnu_mcu_eclipse/arm_embedded_gcc/8.2.1-1.4-20190214-0604/bin/../lib/gcc/arm-none-eabi/8.2.1/../../../../arm-none-eabi/lib/thumb/v7e-m+fp/hard\libc_nano.a(lib_a-strcpy.o)
                              _build/nrf52832_xxaa/SEGGER_RTT.c.o (strcpy)
c:/tools/gnu_mcu_eclipse/arm_embedded_gcc/8.2.1-1.4-20190214-0604/bin/../lib/gcc/arm-none-eabi/8.2.1/../../../../arm-none-eabi/lib/thumb/v7e-m+fp/hard\libc_nano.a(lib_a-strlen.o)
                              _build/nrf52832_xxaa/nrf_log_frontend.c.o (strlen)
c:/tools/gnu_mcu_eclipse/arm_embedded_gcc/8.2.1-1.4-20190214-0604/bin/../lib/gcc/arm-none-eabi/8.2.1/../../../../arm-none-eabi/lib/thumb/v7e-m+fp/hard\libnosys.a(_exit.o)
                              c:/tools/gnu_mcu_eclipse/arm_embedded_gcc/8.2.1-1.4-20190214-0604/bin/../lib/gcc/arm-none-eabi/8.2.1/../../../../arm-none-eabi/lib/thumb/v7e-m+fp/hard\libc_nano.a(lib_a-exit.o) (_exit)

Allocating common symbols
Common symbol       size              file

nrf_drv_uart_use_easy_dma
                    0x1               _build/nrf52832_xxaa/nrf_drv_uart.c.o
_SEGGER_RTT         0x78              _build/nrf52832_xxaa/SEGGER_RTT.c.o

Discarded input sections

 .text          0x0000000000000000        0x0 c:/tools/gnu_mcu_eclipse/arm_embedded_gcc/8.2.1-1.4-20190214-0604/bin/../lib/gcc/arm-none-eabi/8.2.1/thumb/v7e-m+fp/hard/crti.o
 .data          0x0000000000000000        0x0 c:/tools/gnu_mcu_eclipse/arm_embedded_gcc/8.2.1-1.4-20190214-0604/bin/../lib/gcc/arm-none-eabi/8.2.1/thumb/v7e-m+fp/hard/crti.o
 .bss           0x0000000000000000        0x0 c:/tools/gnu_mcu_eclipse/arm_embedded_gcc/8.2.1-1.4-20190214-0604/bin/../lib/gcc/arm-none-eabi/8.2.1/thumb/v7e-m+fp/hard/crti.o
 .text          0x0000000000000000        0x0 c:/tools/gnu_mcu_eclipse/arm_embedded_gcc/8.2.1-1.4-20190214-0604/bin/../lib/gcc/arm-none-eabi/8.2.1/thumb/v7e-m+fp/hard/crtbegin.o
 .data          0x0000000000000000        0x0 c:/tools/gnu_mcu_eclipse/arm_embedded_gcc/8.2.1-1.4-20190214-0604/bin/../lib/gcc/arm-none-eabi/8.2.1/thumb/v7e-m+fp/hard/crtbegin.o
 .bss           0x0000000000000000        0x0 c:/tools/gnu_mcu_eclipse/arm_embedded_gcc/8.2.1-1.4-20190214-0604/bin/../lib/gcc/arm-none-eabi/8.2.1/thumb/v7e-m+fp/hard/crtbegin.o
 .data.__dso_handle
                0x0000000000000000        0x4 c:/tools/gnu_mcu_eclipse/arm_embedded_gcc/8.2.1-1.4-20190214-0604/bin/../lib/gcc/arm-none-eabi/8.2.1/thumb/v7e-m+fp/hard/crtbegin.o
 .data          0x0000000000000000        0x0 c:/tools/gnu_mcu_eclipse/arm_embedded_gcc/8.2.1-1.4-20190214-0604/bin/../lib/gcc/arm-none-eabi/8.2.1/../../../../arm-none-eabi/lib/thumb/v7e-m+fp/hard/crt0.o
 .bss           0x0000000000000000        0x0 c:/tools/gnu_mcu_eclipse/arm_embedded_gcc/8.2.1-1.4-20190214-0604/bin/../lib/gcc/arm-none-eabi/8.2.1/../../../../arm-none-eabi/lib/thumb/v7e-m+fp/hard/crt0.o
[...]
Memory Configuration

Name             Origin             Length             Attributes
FLASH            0x0000000000000000 0x0000000000080000 xr
RAM              0x0000000020000000 0x0000000000010000 xrw
*default*        0x0000000000000000 0xffffffffffffffff

Linker script and memory map


.text           0x0000000000000000     0x3618
 *(.isr_vector)
 .isr_vector    0x0000000000000000      0x200 _build/nrf52832_xxaa/gcc_startup_nrf52.S.o
                0x0000000000000000                __isr_vector
 *(.text*)
 .text.deregister_tm_clones
                0x0000000000000200       0x1c c:/tools/gnu_mcu_eclipse/arm_embedded_gcc/8.2.1-1.4-20190214-0604/bin/../lib/gcc/arm-none-eabi/8.2.1/thumb/v7e-m+fp/hard/crtbegin.o
 .text.register_tm_clones
                0x000000000000021c       0x24 c:/tools/gnu_mcu_eclipse/arm_embedded_gcc/8.2.1-1.4-20190214-0604/bin/../lib/gcc/arm-none-eabi/8.2.1/thumb/v7e-m+fp/hard/crtbegin.o
 .text.__do_global_dtors_aux
                0x0000000000000240       0x28 c:/tools/gnu_mcu_eclipse/arm_embedded_gcc/8.2.1-1.4-20190214-0604/bin/../lib/gcc/arm-none-eabi/8.2.1/thumb/v7e-m+fp/hard/crtbegin.o
 .text.frame_dummy
                0x0000000000000268       0x24 c:/tools/gnu_mcu_eclipse/arm_embedded_gcc/8.2.1-1.4-20190214-0604/bin/../lib/gcc/arm-none-eabi/8.2.1/thumb/v7e-m+fp/hard/crtbegin.o
 .text          0x000000000000028c       0x74 c:/tools/gnu_mcu_eclipse/arm_embedded_gcc/8.2.1-1.4-20190214-0604/bin/../lib/gcc/arm-none-eabi/8.2.1/../../../../arm-none-eabi/lib/thumb/v7e-m+fp/hard/crt0.o
                0x000000000000028c                _start
                0x000000000000028c                _mainCRTStartup
 .text          0x0000000000000300       0x3c _build/nrf52832_xxaa/gcc_startup_nrf52.S.o
                0x0000000000000300                Reset_Handler
                0x0000000000000328                NMI_Handler
                0x000000000000032a                HardFault_Handler
                0x000000000000032c                MemoryManagement_Handler
                0x000000000000032e                BusFault_Handler
                0x0000000000000330                UsageFault_Handler
                0x0000000000000332                SVC_Handler
                0x0000000000000334                DebugMon_Handler
                0x0000000000000336                PendSV_Handler
                0x0000000000000338                SysTick_Handler
                0x000000000000033a                RTC0_IRQHandler
                0x000000000000033a                POWER_CLOCK_IRQHandler
                0x000000000000033a                RADIO_IRQHandler
                0x000000000000033a                PDM_IRQHandler
                0x000000000000033a                TEMP_IRQHandler
                0x000000000000033a                QDEC_IRQHandler
                0x000000000000033a                TIMER3_IRQHandler
                0x000000000000033a                FPU_IRQHandler
                0x000000000000033a                SWI2_EGU2_IRQHandler
                0x000000000000033a                PWM1_IRQHandler
                0x000000000000033a                I2S_IRQHandler
                0x000000000000033a                SWI4_EGU4_IRQHandler
                0x000000000000033a                GPIOTE_IRQHandler
                0x000000000000033a                TIMER2_IRQHandler
                0x000000000000033a                TIMER1_IRQHandler
                0x000000000000033a                PWM2_IRQHandler
                0x000000000000033a                ECB_IRQHandler
                0x000000000000033a                SPIM1_SPIS1_TWIM1_TWIS1_SPI1_TWI1_IRQHandler
                0x000000000000033a                Default_Handler
                0x000000000000033a                SAADC_IRQHandler
                0x000000000000033a                CCM_AAR_IRQHandler
                0x000000000000033a                WDT_IRQHandler
                0x000000000000033a                TIMER4_IRQHandler
                0x000000000000033a                SWI5_EGU5_IRQHandler
                0x000000000000033a                RNG_IRQHandler
                0x000000000000033a                RTC2_IRQHandler
                0x000000000000033a                PWM0_IRQHandler
                0x000000000000033a                SWI3_EGU3_IRQHandler
                0x000000000000033a                RTC1_IRQHandler
                0x000000000000033a                SWI1_EGU1_IRQHandler
                0x000000000000033a                SPIM2_SPIS2_SPI2_IRQHandler
                0x000000000000033a                NFCT_IRQHandler
                0x000000000000033a                SWI0_EGU0_IRQHandler
                0x000000000000033a                MWU_IRQHandler
                0x000000000000033a                TIMER0_IRQHandler
                0x000000000000033a                COMP_LPCOMP_IRQHandler
 .text.nrf_log_backend_serial_put
                0x000000000000033c       0xd4 _build/nrf52832_xxaa/nrf_log_backend_serial.c.o
                0x000000000000033c                nrf_log_backend_serial_put
 .text.uart_evt_handler
                0x0000000000000410        0xc _build/nrf52832_xxaa/nrf_log_backend_uart.c.o
 .text.nrf_log_backend_uart_flush
                0x000000000000041c        0x4 _build/nrf52832_xxaa/nrf_log_backend_uart.c.o
 .text.nrf_log_backend_uart_put
                0x0000000000000420       0x20 _build/nrf52832_xxaa/nrf_log_backend_uart.c.o
 .text.serial_tx
                0x0000000000000440       0x4c _build/nrf52832_xxaa/nrf_log_backend_uart.c.o
 .text.nrf_log_backend_uart_panic_set
                0x000000000000048c       0x64 _build/nrf52832_xxaa/nrf_log_backend_uart.c.o
 .text.nrf_log_backend_uart_init
                0x00000000000004f0       0x4c _build/nrf52832_xxaa/nrf_log_backend_uart.c.o
                0x00000000000004f0                nrf_log_backend_uart_init
 .text.nrf_log_default_backends_init
                0x000000000000053c       0x20 _build/nrf52832_xxaa/nrf_log_default_backends.c.o
                0x000000000000053c                nrf_log_default_backends_init
 .text.nrf_log_init
                0x000000000000055c       0x40 _build/nrf52832_xxaa/nrf_log_frontend.c.o
                0x000000000000055c                nrf_log_init
 .text.nrf_log_module_name_get
                0x000000000000059c       0x58 _build/nrf52832_xxaa/nrf_log_frontend.c.o
                0x000000000000059c                nrf_log_module_name_get
 .text.nrf_log_color_id_get
                0x00000000000005f4       0x2c _build/nrf52832_xxaa/nrf_log_frontend.c.o
                0x00000000000005f4                nrf_log_color_id_get
 .text.nrf_log_frontend_dequeue
                0x0000000000000620      0x41c _build/nrf52832_xxaa/nrf_log_frontend.c.o
                0x0000000000000620                nrf_log_frontend_dequeue
 .text.nrf_log_frontend_std_0
                0x0000000000000a3c      0x1a8 _build/nrf52832_xxaa/nrf_log_frontend.c.o
                0x0000000000000a3c                nrf_log_frontend_std_0
 .text.nrf_log_frontend_std_1
                0x0000000000000be4      0x1b4 _build/nrf52832_xxaa/nrf_log_frontend.c.o
                0x0000000000000be4                nrf_log_frontend_std_1
 .text.nrf_log_backend_add
                0x0000000000000d98       0x74 _build/nrf52832_xxaa/nrf_log_frontend.c.o
                0x0000000000000d98                nrf_log_backend_add
 .text.nrf_log_panic
                0x0000000000000e0c       0x2c _build/nrf52832_xxaa/nrf_log_frontend.c.o
                0x0000000000000e0c                nrf_log_panic
 .text.prefix_process
                0x0000000000000e38       0x80 _build/nrf52832_xxaa/nrf_log_str_formatter.c.o
 .text.nrf_log_std_entry_process
                0x0000000000000eb8       0xec _build/nrf52832_xxaa/nrf_log_str_formatter.c.o
                0x0000000000000eb8                nrf_log_std_entry_process
 .text.nrf_log_hexdump_entry_process
                0x0000000000000fa4       0xfc _build/nrf52832_xxaa/nrf_log_str_formatter.c.o
                0x0000000000000fa4                nrf_log_hexdump_entry_process
 .text.app_error_handler_bare
                0x00000000000010a0       0x20 _build/nrf52832_xxaa/app_error.c.o
                0x00000000000010a0                app_error_handler_bare
 .text.app_error_fault_handler
                0x00000000000010c0       0x70 _build/nrf52832_xxaa/app_error_weak.c.o
                0x00000000000010c0                app_error_fault_handler
 .text.app_util_critical_region_enter
                0x0000000000001130       0x10 _build/nrf52832_xxaa/app_util_platform.c.o
                0x0000000000001130                app_util_critical_region_enter
 .text.app_util_critical_region_exit
                0x0000000000001140       0x14 _build/nrf52832_xxaa/app_util_platform.c.o
                0x0000000000001140                app_util_critical_region_exit
 .text.nrf_atomic_u32_fetch_store
                0x0000000000001154       0x14 _build/nrf52832_xxaa/nrf_atomic.c.o
                0x0000000000001154                nrf_atomic_u32_fetch_store
 .text.nrf_atomic_u32_add
                0x0000000000001168       0x18 _build/nrf52832_xxaa/nrf_atomic.c.o
                0x0000000000001168                nrf_atomic_u32_add
 .text.nrf_atomic_u32_sub
                0x0000000000001180       0x18 _build/nrf52832_xxaa/nrf_atomic.c.o
                0x0000000000001180                nrf_atomic_u32_sub
 .text.nrf_atomic_flag_set
                0x0000000000001198       0x18 _build/nrf52832_xxaa/nrf_atomic.c.o
                0x0000000000001198                nrf_atomic_flag_set
 .text.nrf_atomic_flag_clear_fetch
                0x00000000000011b0       0x18 _build/nrf52832_xxaa/nrf_atomic.c.o
                0x00000000000011b0                nrf_atomic_flag_clear_fetch
 .text.nrf_balloc_init
                0x00000000000011c8       0x38 _build/nrf52832_xxaa/nrf_balloc.c.o
                0x00000000000011c8                nrf_balloc_init
 .text.nrf_balloc_alloc
                0x0000000000001200       0x4c _build/nrf52832_xxaa/nrf_balloc.c.o
                0x0000000000001200                nrf_balloc_alloc
 .text.nrf_balloc_free
                0x000000000000124c       0x2c _build/nrf52832_xxaa/nrf_balloc.c.o
                0x000000000000124c                nrf_balloc_free
 .text.nrf_fprintf_buffer_flush
                0x0000000000001278       0x18 _build/nrf52832_xxaa/nrf_fprintf.c.o
                0x0000000000001278                nrf_fprintf_buffer_flush
 .text.nrf_fprintf
                0x0000000000001290       0x20 _build/nrf52832_xxaa/nrf_fprintf.c.o
                0x0000000000001290                nrf_fprintf
 .text.unsigned_print
                0x00000000000012b0      0x110 _build/nrf52832_xxaa/nrf_fprintf_format.c.o
 .text.nrf_fprintf_fmt
                0x00000000000013c0      0x5ec _build/nrf52832_xxaa/nrf_fprintf_format.c.o
                0x00000000000013c0                nrf_fprintf_fmt
 .text.nrf_memobj_pool_init
                0x00000000000019ac        0x4 _build/nrf52832_xxaa/nrf_memobj.c.o
                0x00000000000019ac                nrf_memobj_pool_init
 .text.nrf_memobj_alloc
                0x00000000000019b0       0x98 _build/nrf52832_xxaa/nrf_memobj.c.o
                0x00000000000019b0                nrf_memobj_alloc
 .text.nrf_memobj_get
                0x0000000000001a48        0x8 _build/nrf52832_xxaa/nrf_memobj.c.o
                0x0000000000001a48                nrf_memobj_get
 .text.nrf_memobj_put
                0x0000000000001a50       0x58 _build/nrf52832_xxaa/nrf_memobj.c.o
                0x0000000000001a50                nrf_memobj_put
 .text.nrf_memobj_write
                0x0000000000001aa8       0x68 _build/nrf52832_xxaa/nrf_memobj.c.o
                0x0000000000001aa8                nrf_memobj_write
 .text.nrf_memobj_read
                0x0000000000001b10       0x68 _build/nrf52832_xxaa/nrf_memobj.c.o
                0x0000000000001b10                nrf_memobj_read
 .text.nrf_ringbuf_init
                0x0000000000001b78       0x1c _build/nrf52832_xxaa/nrf_ringbuf.c.o
                0x0000000000001b78                nrf_ringbuf_init
 .text.twim_evt_handler
                0x0000000000001b94       0x40 _build/nrf52832_xxaa/nrf_drv_twi.c.o
 .text.nrf_drv_twi_init
                0x0000000000001bd4      0x104 _build/nrf52832_xxaa/nrf_drv_twi.c.o
                0x0000000000001bd4                nrf_drv_twi_init
 .text.uarte_evt_handler
                0x0000000000001cd8       0x34 _build/nrf52832_xxaa/nrf_drv_uart.c.o
 .text.uart_evt_handler
                0x0000000000001d0c       0x34 _build/nrf52832_xxaa/nrf_drv_uart.c.o
 .text.nrf_drv_uart_init
                0x0000000000001d40       0x80 _build/nrf52832_xxaa/nrf_drv_uart.c.o
                0x0000000000001d40                nrf_drv_uart_init
 .text.UARTE0_UART0_IRQHandler
                0x0000000000001dc0        0xc _build/nrf52832_xxaa/nrfx_prs.c.o
                0x0000000000001dc0                UARTE0_UART0_IRQHandler
 .text.nrfx_prs_acquire
                0x0000000000001dcc       0x3c _build/nrf52832_xxaa/nrfx_prs.c.o
                0x0000000000001dcc                nrfx_prs_acquire
 .text.nrfx_prs_release
                0x0000000000001e08       0x18 _build/nrf52832_xxaa/nrfx_prs.c.o
                0x0000000000001e08                nrfx_prs_release
 .text.SPIM0_SPIS0_TWIM0_TWIS0_SPI0_TWI0_IRQHandler
                0x0000000000001e20      0x17c _build/nrf52832_xxaa/nrfx_twim.c.o
                0x0000000000001e20                SPIM0_SPIS0_TWIM0_TWIS0_SPI0_TWI0_IRQHandler
 .text.nrfx_twim_init
                0x0000000000001f9c       0xf0 _build/nrf52832_xxaa/nrfx_twim.c.o
                0x0000000000001f9c                nrfx_twim_init
 .text.nrfx_twim_enable
                0x000000000000208c       0x20 _build/nrf52832_xxaa/nrfx_twim.c.o
                0x000000000000208c                nrfx_twim_enable
 .text.nrfx_twim_tx
                0x00000000000020ac      0x180 _build/nrf52832_xxaa/nrfx_twim.c.o
                0x00000000000020ac                nrfx_twim_tx
 .text.nrfx_twim_rx
                0x000000000000222c      0x154 _build/nrf52832_xxaa/nrfx_twim.c.o
                0x000000000000222c                nrfx_twim_rx
 .text.nrfx_uart_0_irq_handler
                0x0000000000002380      0x1c0 _build/nrf52832_xxaa/nrfx_uart.c.o
                0x0000000000002380                nrfx_uart_0_irq_handler
 .text.nrfx_uart_init
                0x0000000000002540      0x194 _build/nrf52832_xxaa/nrfx_uart.c.o
                0x0000000000002540                nrfx_uart_init
 .text.nrfx_uart_uninit
                0x00000000000026d4       0xcc _build/nrf52832_xxaa/nrfx_uart.c.o
                0x00000000000026d4                nrfx_uart_uninit
 .text.nrfx_uart_tx
                0x00000000000027a0       0xcc _build/nrf52832_xxaa/nrfx_uart.c.o
                0x00000000000027a0                nrfx_uart_tx
 .text.nrfx_uarte_0_irq_handler
                0x000000000000286c      0x124 _build/nrf52832_xxaa/nrfx_uarte.c.o
                0x000000000000286c                nrfx_uarte_0_irq_handler
 .text.nrfx_uarte_init
                0x0000000000002990      0x1b8 _build/nrf52832_xxaa/nrfx_uarte.c.o
                0x0000000000002990                nrfx_uarte_init
 .text.nrfx_uarte_uninit
                0x0000000000002b48       0xd0 _build/nrf52832_xxaa/nrfx_uarte.c.o
                0x0000000000002b48                nrfx_uarte_uninit
 .text.nrfx_uarte_tx
                0x0000000000002c18       0xa4 _build/nrf52832_xxaa/nrfx_uarte.c.o
                0x0000000000002c18                nrfx_uarte_tx
 .text.startup.main
                0x0000000000002cbc       0xb0 _build/nrf52832_xxaa/main.c.o
                0x0000000000002cbc                main
 .text.SystemInit
                0x0000000000002d6c      0x3b4 _build/nrf52832_xxaa/system_nrf52.c.o
                0x0000000000002d6c                SystemInit
 .text.bh1750_init
                0x0000000000003120       0x7c _build/nrf52832_xxaa/bh1750.c.o
                0x0000000000003120                bh1750_init
 .text.bh1750_setup
                0x000000000000319c       0x60 _build/nrf52832_xxaa/bh1750.c.o
                0x000000000000319c                bh1750_setup
 .text.bh1750_read
                0x00000000000031fc       0x4c _build/nrf52832_xxaa/bh1750.c.o
                0x00000000000031fc                bh1750_read
 .text.exit     0x0000000000003248       0x28 c:/tools/gnu_mcu_eclipse/arm_embedded_gcc/8.2.1-1.4-20190214-0604/bin/../lib/gcc/arm-none-eabi/8.2.1/../../../../arm-none-eabi/lib/thumb/v7e-m+fp/hard\libc_nano.a(lib_a-exit.o)
                0x0000000000003248                exit
 .text.__libc_init_array
                0x0000000000003270       0x48 c:/tools/gnu_mcu_eclipse/arm_embedded_gcc/8.2.1-1.4-20190214-0604/bin/../lib/gcc/arm-none-eabi/8.2.1/../../../../arm-none-eabi/lib/thumb/v7e-m+fp/hard\libc_nano.a(lib_a-init.o)
                0x0000000000003270                __libc_init_array
 .text.memcpy   0x00000000000032b8       0x1c c:/tools/gnu_mcu_eclipse/arm_embedded_gcc/8.2.1-1.4-20190214-0604/bin/../lib/gcc/arm-none-eabi/8.2.1/../../../../arm-none-eabi/lib/thumb/v7e-m+fp/hard\libc_nano.a(lib_a-memcpy-stub.o)
                0x00000000000032b8                memcpy
 .text.memset   0x00000000000032d4       0x10 c:/tools/gnu_mcu_eclipse/arm_embedded_gcc/8.2.1-1.4-20190214-0604/bin/../lib/gcc/arm-none-eabi/8.2.1/../../../../arm-none-eabi/lib/thumb/v7e-m+fp/hard\libc_nano.a(lib_a-memset.o)
                0x00000000000032d4                memset
 .text          0x00000000000032e4       0x10 c:/tools/gnu_mcu_eclipse/arm_embedded_gcc/8.2.1-1.4-20190214-0604/bin/../lib/gcc/arm-none-eabi/8.2.1/../../../../arm-none-eabi/lib/thumb/v7e-m+fp/hard\libc_nano.a(lib_a-strlen.o)
                0x00000000000032e4                strlen
 .text._exit    0x00000000000032f4        0x4 c:/tools/gnu_mcu_eclipse/arm_embedded_gcc/8.2.1-1.4-20190214-0604/bin/../lib/gcc/arm-none-eabi/8.2.1/../../../../arm-none-eabi/lib/thumb/v7e-m+fp/hard\libnosys.a(_exit.o)
                0x00000000000032f4                _exit
 *(.init)
 .init          0x00000000000032f8        0x4 c:/tools/gnu_mcu_eclipse/arm_embedded_gcc/8.2.1-1.4-20190214-0604/bin/../lib/gcc/arm-none-eabi/8.2.1/thumb/v7e-m+fp/hard/crti.o
                0x00000000000032f8                _init
 .init          0x00000000000032fc        0x8 c:/tools/gnu_mcu_eclipse/arm_embedded_gcc/8.2.1-1.4-20190214-0604/bin/../lib/gcc/arm-none-eabi/8.2.1/thumb/v7e-m+fp/hard/crtn.o
 *(.fini)
 .fini          0x0000000000003304        0x4 c:/tools/gnu_mcu_eclipse/arm_embedded_gcc/8.2.1-1.4-20190214-0604/bin/../lib/gcc/arm-none-eabi/8.2.1/thumb/v7e-m+fp/hard/crti.o
                0x0000000000003304                _fini
 .fini          0x0000000000003308        0x8 c:/tools/gnu_mcu_eclipse/arm_embedded_gcc/8.2.1-1.4-20190214-0604/bin/../lib/gcc/arm-none-eabi/8.2.1/thumb/v7e-m+fp/hard/crtn.o
 *crtbegin.o(.ctors)
 *crtbegin?.o(.ctors)
 *(EXCLUDE_FILE(*crtend.o *crtend?.o) .ctors)
 *(SORT_BY_NAME(.ctors.*))
 *(.ctors)
 *crtbegin.o(.dtors)
 *crtbegin?.o(.dtors)
 *(EXCLUDE_FILE(*crtend.o *crtend?.o) .dtors)
 *(SORT_BY_NAME(.dtors.*))
 *(.dtors)
 *(.rodata*)
 .rodata        0x0000000000003310       0x20 _build/nrf52832_xxaa/nrf_log_backend_uart.c.o
 .rodata.nrf_log_backend_uart_api
                0x0000000000003330        0xc _build/nrf52832_xxaa/nrf_log_backend_uart.c.o
                0x0000000000003330                nrf_log_backend_uart_api
 .rodata.str1.4
                0x000000000000333c       0x11 _build/nrf52832_xxaa/nrf_log_default_backends.c.o
 *fill*         0x000000000000334d        0x3 
 .rodata.m_log_push_ringbuf
                0x0000000000003350        0xc _build/nrf52832_xxaa/nrf_log_frontend.c.o
 .rodata.nrf_log_frontend_dequeue.str1.4
                0x000000000000335c       0x11 _build/nrf52832_xxaa/nrf_log_frontend.c.o
 *fill*         0x000000000000336d        0x3 
 .rodata.str1.4
                0x0000000000003370        0x4 _build/nrf52832_xxaa/nrf_log_frontend.c.o
 .rodata.m_colors
                0x0000000000003374       0x24 _build/nrf52832_xxaa/nrf_log_str_formatter.c.o
 .rodata.nrf_log_hexdump_entry_process.str1.4
                0x0000000000003398       0x13 _build/nrf52832_xxaa/nrf_log_str_formatter.c.o
                                         0x16 (size before relaxing)
 *fill*         0x00000000000033ab        0x1 
 .rodata.nrf_log_std_entry_process.str1.4
                0x00000000000033ac        0x3 _build/nrf52832_xxaa/nrf_log_str_formatter.c.o
 *fill*         0x00000000000033af        0x1 
 .rodata.prefix_process.str1.4
                0x00000000000033b0       0x36 _build/nrf52832_xxaa/nrf_log_str_formatter.c.o
 *fill*         0x00000000000033e6        0x2 
 .rodata.severity_names
                0x00000000000033e8       0x14 _build/nrf52832_xxaa/nrf_log_str_formatter.c.o
 .rodata.str1.4
                0x00000000000033fc       0x56 _build/nrf52832_xxaa/nrf_log_str_formatter.c.o
 *fill*         0x0000000000003452        0x2 
 .rodata.app_error_fault_handler.str1.4
                0x0000000000003454       0x19 _build/nrf52832_xxaa/app_error_weak.c.o
 *fill*         0x000000000000346d        0x3 
 .rodata._aV2C.7474
                0x0000000000003470       0x10 _build/nrf52832_xxaa/nrf_fprintf_format.c.o
 .rodata.delay_machine_code.7987
                0x0000000000003480        0x6 _build/nrf52832_xxaa/nrf_drv_twi.c.o
 *fill*         0x0000000000003486        0x2 
 .rodata.str1.4
                0x0000000000003488        0x4 _build/nrf52832_xxaa/nrfx_prs.c.o
 .rodata.str1.4
                0x000000000000348c        0x5 _build/nrf52832_xxaa/nrfx_twim.c.o
 *fill*         0x0000000000003491        0x3 
 .rodata.str1.4
                0x0000000000003494        0x5 _build/nrf52832_xxaa/nrfx_uart.c.o
 *fill*         0x0000000000003499        0x3 
 .rodata.str1.4
                0x000000000000349c        0x6 _build/nrf52832_xxaa/nrfx_uarte.c.o
 *fill*         0x00000000000034a2        0xe 
 .rodata.delay_machine_code.7987
                0x00000000000034b0        0x6 _build/nrf52832_xxaa/main.c.o
 *fill*         0x00000000000034b6        0x2 
 .rodata.m_twi  0x00000000000034b8       0x10 _build/nrf52832_xxaa/main.c.o
 .rodata.main.str1.4
                0x00000000000034c8       0x28 _build/nrf52832_xxaa/main.c.o
 .rodata.bh1750_init.str1.4
                0x00000000000034f0       0x1c _build/nrf52832_xxaa/bh1750.c.o
                                         0x1b (size before relaxing)
 .rodata._ctype_
                0x000000000000350c      0x101 c:/tools/gnu_mcu_eclipse/arm_embedded_gcc/8.2.1-1.4-20190214-0604/bin/../lib/gcc/arm-none-eabi/8.2.1/../../../../arm-none-eabi/lib/thumb/v7e-m+fp/hard\libc_nano.a(lib_a-ctype_.o)
                0x000000000000350c                _ctype_
 *fill*         0x000000000000360d        0x3 
 .rodata._global_impure_ptr
                0x0000000000003610        0x4 c:/tools/gnu_mcu_eclipse/arm_embedded_gcc/8.2.1-1.4-20190214-0604/bin/../lib/gcc/arm-none-eabi/8.2.1/../../../../arm-none-eabi/lib/thumb/v7e-m+fp/hard\libc_nano.a(lib_a-impure.o)
                0x0000000000003610                _global_impure_ptr
 *(.eh_frame*)
 .eh_frame      0x0000000000003614        0x0 c:/tools/gnu_mcu_eclipse/arm_embedded_gcc/8.2.1-1.4-20190214-0604/bin/../lib/gcc/arm-none-eabi/8.2.1/thumb/v7e-m+fp/hard/crtbegin.o
 .eh_frame      0x0000000000003614        0x4 c:/tools/gnu_mcu_eclipse/arm_embedded_gcc/8.2.1-1.4-20190214-0604/bin/../lib/gcc/arm-none-eabi/8.2.1/thumb/v7e-m+fp/hard/crtend.o

.glue_7         0x0000000000003618        0x0
 .glue_7        0x0000000000003618        0x0 linker stubs

.glue_7t        0x0000000000003618        0x0
 .glue_7t       0x0000000000003618        0x0 linker stubs

.vfp11_veneer   0x0000000000003618        0x0
 .vfp11_veneer  0x0000000000003618        0x0 linker stubs

.v4_bx          0x0000000000003618        0x0
 .v4_bx         0x0000000000003618        0x0 linker stubs

.iplt           0x0000000000003618        0x0
 .iplt          0x0000000000003618        0x0 c:/tools/gnu_mcu_eclipse/arm_embedded_gcc/8.2.1-1.4-20190214-0604/bin/../lib/gcc/arm-none-eabi/8.2.1/thumb/v7e-m+fp/hard/crtbegin.o

.mem_section_dummy_rom

.log_const_data
                0x0000000000003618       0x28
                0x0000000000003618                PROVIDE (__start_log_const_data = .)
 *(SORT_BY_NAME(.log_const_data*))
 .log_const_data_PRS
                0x0000000000003618        0x8 _build/nrf52832_xxaa/nrfx_prs.c.o
                0x0000000000003618                m_nrf_log_PRS_logs_data_const
 .log_const_data_TWIM
                0x0000000000003620        0x8 _build/nrf52832_xxaa/nrfx_twim.c.o
                0x0000000000003620                m_nrf_log_TWIM_logs_data_const
 .log_const_data_UART
                0x0000000000003628        0x8 _build/nrf52832_xxaa/nrfx_uart.c.o
                0x0000000000003628                m_nrf_log_UART_logs_data_const
 .log_const_data_UARTE
                0x0000000000003630        0x8 _build/nrf52832_xxaa/nrfx_uarte.c.o
                0x0000000000003630                m_nrf_log_UARTE_logs_data_const
 .log_const_data_app
                0x0000000000003638        0x8 _build/nrf52832_xxaa/nrf_log_frontend.c.o
                0x0000000000003638                m_nrf_log_app_logs_data_const
                0x0000000000003640                PROVIDE (__stop_log_const_data = .)

.log_backends   0x0000000000003640       0x10
                [!provide]                        PROVIDE (__start_log_backends = .)
 *(SORT_BY_NAME(.log_backends*))
 .log_backends  0x0000000000003640       0x10 _build/nrf52832_xxaa/nrf_log_default_backends.c.o
                [!provide]                        PROVIDE (__stop_log_backends = .)

.nrf_balloc     0x0000000000003650       0x14
                [!provide]                        PROVIDE (__start_nrf_balloc = .)
 *(.nrf_balloc)
 .nrf_balloc    0x0000000000003650       0x14 _build/nrf52832_xxaa/nrf_log_frontend.c.o
                0x0000000000003650                log_mempool
                [!provide]                        PROVIDE (__stop_nrf_balloc = .)

.ARM.extab
 *(.ARM.extab* .gnu.linkonce.armextab.*)
                0x0000000000003664                __exidx_start = .

.ARM.exidx      0x0000000000003664        0x8
 *(.ARM.exidx* .gnu.linkonce.armexidx.*)
 .ARM.exidx     0x0000000000003664        0x8 c:/tools/gnu_mcu_eclipse/arm_embedded_gcc/8.2.1-1.4-20190214-0604/bin/../lib/gcc/arm-none-eabi/8.2.1/../../../../arm-none-eabi/lib/thumb/v7e-m+fp/hard/crt0.o
                0x000000000000366c                __exidx_end = .
                0x000000000000366c                __etext = .

.rel.dyn        0x000000000000366c        0x0
 .rel.iplt      0x000000000000366c        0x0 c:/tools/gnu_mcu_eclipse/arm_embedded_gcc/8.2.1-1.4-20190214-0604/bin/../lib/gcc/arm-none-eabi/8.2.1/thumb/v7e-m+fp/hard/crtbegin.o

.data           0x0000000020000000       0x88 load address 0x000000000000366c
                0x0000000020000000                __data_start__ = .
 *(vtable)
 *(.data*)
 .data.m_uart   0x0000000020000000       0x14 _build/nrf52832_xxaa/nrf_log_backend_uart.c.o
                0x0000000020000000                m_uart
 .data.log_backend_cb_uart_log_backend
                0x0000000020000014        0x8 _build/nrf52832_xxaa/nrf_log_default_backends.c.o
 .data.SystemCoreClock
                0x000000002000001c        0x4 _build/nrf52832_xxaa/system_nrf52.c.o
                0x000000002000001c                SystemCoreClock
 .data.impure_data
                0x0000000020000020       0x60 c:/tools/gnu_mcu_eclipse/arm_embedded_gcc/8.2.1-1.4-20190214-0604/bin/../lib/gcc/arm-none-eabi/8.2.1/../../../../arm-none-eabi/lib/thumb/v7e-m+fp/hard\libc_nano.a(lib_a-impure.o)
                0x0000000020000080                . = ALIGN (0x4)
                0x0000000020000080                PROVIDE (__preinit_array_start = .)
 *(.preinit_array)
                0x0000000020000080                PROVIDE (__preinit_array_end = .)
                0x0000000020000080                . = ALIGN (0x4)
                0x0000000020000080                PROVIDE (__init_array_start = .)
 *(SORT_BY_NAME(.init_array.*))
 *(.init_array)
 .init_array    0x0000000020000080        0x4 c:/tools/gnu_mcu_eclipse/arm_embedded_gcc/8.2.1-1.4-20190214-0604/bin/../lib/gcc/arm-none-eabi/8.2.1/thumb/v7e-m+fp/hard/crtbegin.o
                0x0000000020000084                PROVIDE (__init_array_end = .)
                0x0000000020000084                . = ALIGN (0x4)
                [!provide]                        PROVIDE (__fini_array_start = .)
 *(SORT_BY_NAME(.fini_array.*))
 *(.fini_array)
 .fini_array    0x0000000020000084        0x4 c:/tools/gnu_mcu_eclipse/arm_embedded_gcc/8.2.1-1.4-20190214-0604/bin/../lib/gcc/arm-none-eabi/8.2.1/thumb/v7e-m+fp/hard/crtbegin.o
                [!provide]                        PROVIDE (__fini_array_end = .)
 *(.jcr*)
                0x0000000020000088                . = ALIGN (0x4)
                0x0000000020000088                __data_end__ = .
LOAD c:/tools/gnu_mcu_eclipse/arm_embedded_gcc/8.2.1-1.4-20190214-0604/bin/../lib/gcc/arm-none-eabi/8.2.1/thumb/v7e-m+fp/hard/crti.o
LOAD c:/tools/gnu_mcu_eclipse/arm_embedded_gcc/8.2.1-1.4-20190214-0604/bin/../lib/gcc/arm-none-eabi/8.2.1/thumb/v7e-m+fp/hard/crtbegin.o
LOAD c:/tools/gnu_mcu_eclipse/arm_embedded_gcc/8.2.1-1.4-20190214-0604/bin/../lib/gcc/arm-none-eabi/8.2.1/../../../../arm-none-eabi/lib/thumb/v7e-m+fp/hard/crt0.o
LOAD _build/nrf52832_xxaa/gcc_startup_nrf52.S.o
LOAD _build/nrf52832_xxaa/nrf_log_backend_rtt.c.o
LOAD _build/nrf52832_xxaa/nrf_log_backend_serial.c.o
LOAD _build/nrf52832_xxaa/nrf_log_backend_uart.c.o
LOAD _build/nrf52832_xxaa/nrf_log_default_backends.c.o
LOAD _build/nrf52832_xxaa/nrf_log_frontend.c.o
LOAD _build/nrf52832_xxaa/nrf_log_str_formatter.c.o
LOAD _build/nrf52832_xxaa/boards.c.o
LOAD _build/nrf52832_xxaa/app_error.c.o
LOAD _build/nrf52832_xxaa/app_error_handler_gcc.c.o
LOAD _build/nrf52832_xxaa/app_error_weak.c.o
LOAD _build/nrf52832_xxaa/app_util_platform.c.o
LOAD _build/nrf52832_xxaa/nrf_assert.c.o
LOAD _build/nrf52832_xxaa/nrf_atomic.c.o
LOAD _build/nrf52832_xxaa/nrf_balloc.c.o
LOAD _build/nrf52832_xxaa/nrf_fprintf.c.o
LOAD _build/nrf52832_xxaa/nrf_fprintf_format.c.o
LOAD _build/nrf52832_xxaa/nrf_memobj.c.o
LOAD _build/nrf52832_xxaa/nrf_ringbuf.c.o
LOAD _build/nrf52832_xxaa/nrf_strerror.c.o
LOAD _build/nrf52832_xxaa/nrf_drv_twi.c.o
LOAD _build/nrf52832_xxaa/nrf_drv_uart.c.o
LOAD _build/nrf52832_xxaa/nrfx_prs.c.o
LOAD _build/nrf52832_xxaa/nrfx_twi.c.o
LOAD _build/nrf52832_xxaa/nrfx_twim.c.o
LOAD _build/nrf52832_xxaa/nrfx_uart.c.o
LOAD _build/nrf52832_xxaa/nrfx_uarte.c.o
LOAD _build/nrf52832_xxaa/main.c.o
LOAD _build/nrf52832_xxaa/SEGGER_RTT.c.o
LOAD _build/nrf52832_xxaa/SEGGER_RTT_Syscalls_GCC.c.o
LOAD _build/nrf52832_xxaa/SEGGER_RTT_printf.c.o
LOAD _build/nrf52832_xxaa/system_nrf52.c.o
LOAD _build/nrf52832_xxaa/bh1750.c.o
LOAD c:/tools/gnu_mcu_eclipse/arm_embedded_gcc/8.2.1-1.4-20190214-0604/bin/../lib/gcc/arm-none-eabi/8.2.1/../../../../arm-none-eabi/lib/thumb/v7e-m+fp/hard\libc_nano.a
LOAD c:/tools/gnu_mcu_eclipse/arm_embedded_gcc/8.2.1-1.4-20190214-0604/bin/../lib/gcc/arm-none-eabi/8.2.1/../../../../arm-none-eabi/lib/thumb/v7e-m+fp/hard\libnosys.a
LOAD c:/tools/gnu_mcu_eclipse/arm_embedded_gcc/8.2.1-1.4-20190214-0604/bin/../lib/gcc/arm-none-eabi/8.2.1/../../../../arm-none-eabi/lib/thumb/v7e-m+fp/hard\libm.a
START GROUP
LOAD c:/tools/gnu_mcu_eclipse/arm_embedded_gcc/8.2.1-1.4-20190214-0604/bin/../lib/gcc/arm-none-eabi/8.2.1/thumb/v7e-m+fp/hard\libgcc.a
LOAD c:/tools/gnu_mcu_eclipse/arm_embedded_gcc/8.2.1-1.4-20190214-0604/bin/../lib/gcc/arm-none-eabi/8.2.1/../../../../arm-none-eabi/lib/thumb/v7e-m+fp/hard\libg_nano.a
LOAD c:/tools/gnu_mcu_eclipse/arm_embedded_gcc/8.2.1-1.4-20190214-0604/bin/../lib/gcc/arm-none-eabi/8.2.1/../../../../arm-none-eabi/lib/thumb/v7e-m+fp/hard\libc_nano.a
END GROUP
START GROUP
LOAD c:/tools/gnu_mcu_eclipse/arm_embedded_gcc/8.2.1-1.4-20190214-0604/bin/../lib/gcc/arm-none-eabi/8.2.1/thumb/v7e-m+fp/hard\libgcc.a
LOAD c:/tools/gnu_mcu_eclipse/arm_embedded_gcc/8.2.1-1.4-20190214-0604/bin/../lib/gcc/arm-none-eabi/8.2.1/../../../../arm-none-eabi/lib/thumb/v7e-m+fp/hard\libc_nano.a
END GROUP
LOAD c:/tools/gnu_mcu_eclipse/arm_embedded_gcc/8.2.1-1.4-20190214-0604/bin/../lib/gcc/arm-none-eabi/8.2.1/thumb/v7e-m+fp/hard/crtend.o
LOAD c:/tools/gnu_mcu_eclipse/arm_embedded_gcc/8.2.1-1.4-20190214-0604/bin/../lib/gcc/arm-none-eabi/8.2.1/thumb/v7e-m+fp/hard/crtn.o
START GROUP
LOAD c:/tools/gnu_mcu_eclipse/arm_embedded_gcc/8.2.1-1.4-20190214-0604/bin/../lib/gcc/arm-none-eabi/8.2.1/thumb/v7e-m+fp/hard\libgcc.a
LOAD c:/tools/gnu_mcu_eclipse/arm_embedded_gcc/8.2.1-1.4-20190214-0604/bin/../lib/gcc/arm-none-eabi/8.2.1/../../../../arm-none-eabi/lib/thumb/v7e-m+fp/hard\libc.a
LOAD c:/tools/gnu_mcu_eclipse/arm_embedded_gcc/8.2.1-1.4-20190214-0604/bin/../lib/gcc/arm-none-eabi/8.2.1/../../../../arm-none-eabi/lib/thumb/v7e-m+fp/hard\libnosys.a
END GROUP

.tm_clone_table
                0x0000000020000088        0x0 load address 0x00000000000036f4
 .tm_clone_table
                0x0000000020000088        0x0 c:/tools/gnu_mcu_eclipse/arm_embedded_gcc/8.2.1-1.4-20190214-0604/bin/../lib/gcc/arm-none-eabi/8.2.1/thumb/v7e-m+fp/hard/crtbegin.o
 .tm_clone_table
                0x0000000020000088        0x0 c:/tools/gnu_mcu_eclipse/arm_embedded_gcc/8.2.1-1.4-20190214-0604/bin/../lib/gcc/arm-none-eabi/8.2.1/thumb/v7e-m+fp/hard/crtend.o

.igot.plt       0x0000000020000088        0x0 load address 0x00000000000036f4
 .igot.plt      0x0000000020000088        0x0 c:/tools/gnu_mcu_eclipse/arm_embedded_gcc/8.2.1-1.4-20190214-0604/bin/../lib/gcc/arm-none-eabi/8.2.1/thumb/v7e-m+fp/hard/crtbegin.o
                0x0000000020000088                . = ALIGN (0x4)

.mem_section_dummy_ram

.log_dynamic_data
                0x0000000020000088        0x0
                0x0000000020000088                PROVIDE (__start_log_dynamic_data = .)
 *(SORT_BY_NAME(.log_dynamic_data*))
                [!provide]                        PROVIDE (__stop_log_dynamic_data = .)

.log_filter_data
                0x0000000020000088        0x0
                [!provide]                        PROVIDE (__start_log_filter_data = .)
 *(SORT_BY_NAME(.log_filter_data*))
                [!provide]                        PROVIDE (__stop_log_filter_data = .)

.bss            0x0000000020000088      0x6a4 load address 0x00000000000036f8
                0x0000000020000088                . = ALIGN (0x4)
                0x0000000020000088                __bss_start__ = .
 *(.bss*)
 .bss.completed.8014
                0x0000000020000088        0x1 c:/tools/gnu_mcu_eclipse/arm_embedded_gcc/8.2.1-1.4-20190214-0604/bin/../lib/gcc/arm-none-eabi/8.2.1/thumb/v7e-m+fp/hard/crtbegin.o
 *fill*         0x0000000020000089        0x3 
 .bss.object.8019
                0x000000002000008c       0x18 c:/tools/gnu_mcu_eclipse/arm_embedded_gcc/8.2.1-1.4-20190214-0604/bin/../lib/gcc/arm-none-eabi/8.2.1/thumb/v7e-m+fp/hard/crtbegin.o
 .bss.m_async_mode
                0x00000000200000a4        0x1 _build/nrf52832_xxaa/nrf_log_backend_uart.c.o
 *fill*         0x00000000200000a5        0x3 
 .bss.m_string_buff
                0x00000000200000a8       0x40 _build/nrf52832_xxaa/nrf_log_backend_uart.c.o
 .bss.m_xfer_done
                0x00000000200000e8        0x1 _build/nrf52832_xxaa/nrf_log_backend_uart.c.o
 *fill*         0x00000000200000e9        0x3 
 .bss.log_mempool_nrf_balloc_cb
                0x00000000200000ec        0x8 _build/nrf52832_xxaa/nrf_log_frontend.c.o
 .bss.log_mempool_nrf_balloc_pool_mem
                0x00000000200000f4       0xc0 _build/nrf52832_xxaa/nrf_log_frontend.c.o
 .bss.log_mempool_nrf_balloc_pool_stack
                0x00000000200001b4        0x8 _build/nrf52832_xxaa/nrf_log_frontend.c.o
 *fill*         0x00000000200001bc        0x4 
 .bss.m_log_data
                0x00000000200001c0      0x424 _build/nrf52832_xxaa/nrf_log_frontend.c.o
 .bss.m_log_push_ringbuf_buf
                0x00000000200005e4       0x80 _build/nrf52832_xxaa/nrf_log_frontend.c.o
 .bss.m_log_push_ringbuf_cb
                0x0000000020000664       0x18 _build/nrf52832_xxaa/nrf_log_frontend.c.o
 .bss.m_in_critical_region
                0x000000002000067c        0x4 _build/nrf52832_xxaa/app_util_platform.c.o
 .bss.m_contexts
                0x0000000020000680        0x8 _build/nrf52832_xxaa/nrf_drv_twi.c.o
 .bss.m_handlers
                0x0000000020000688        0x8 _build/nrf52832_xxaa/nrf_drv_twi.c.o
 .bss.m_contexts
                0x0000000020000690        0x4 _build/nrf52832_xxaa/nrf_drv_uart.c.o
 .bss.m_handlers
                0x0000000020000694        0x4 _build/nrf52832_xxaa/nrf_drv_uart.c.o
 .bss.m_prs_box_4
                0x0000000020000698        0x8 _build/nrf52832_xxaa/nrfx_prs.c.o
 .bss.m_cb      0x00000000200006a0       0x34 _build/nrf52832_xxaa/nrfx_twim.c.o
 .bss.m_cb      0x00000000200006d4       0x2c _build/nrf52832_xxaa/nrfx_uart.c.o
 .bss.m_cb      0x0000000020000700       0x24 _build/nrf52832_xxaa/nrfx_uarte.c.o
 .bss.m_sample  0x0000000020000724        0x2 _build/nrf52832_xxaa/main.c.o
 .bss.dev_adrr  0x0000000020000726        0x1 _build/nrf52832_xxaa/bh1750.c.o
 *(COMMON)
 *fill*         0x0000000020000727        0x1 
 COMMON         0x0000000020000728        0x1 _build/nrf52832_xxaa/nrf_drv_uart.c.o
                0x0000000020000728                nrf_drv_uart_use_easy_dma
                0x000000002000072c                . = ALIGN (0x4)
 *fill*         0x0000000020000729        0x3 
                0x000000002000072c                __bss_end__ = .

.heap           0x0000000020000730     0x2000
                0x0000000020000730                __HeapBase = .
                0x0000000020000730                __end__ = .
                [!provide]                        PROVIDE (end = .)
 *(.heap*)
 .heap          0x0000000020000730     0x2000 _build/nrf52832_xxaa/gcc_startup_nrf52.S.o
                0x0000000020002730                __HeapLimit = .

.stack_dummy    0x0000000020000730     0x2000
 *(.stack*)
 .stack         0x0000000020000730     0x2000 _build/nrf52832_xxaa/gcc_startup_nrf52.S.o
                0x0000000020010000                __StackTop = (ORIGIN (RAM) + LENGTH (RAM))
                0x000000002000e000                __StackLimit = (__StackTop - SIZEOF (.stack_dummy))
                0x0000000020010000                PROVIDE (__stack = __StackTop)
                0x0000000000000001                ASSERT ((__StackLimit >= __HeapLimit), region RAM overflowed with stack)
                0x0000000000000088                DataInitFlashUsed = (__bss_start__ - __data_start__)
                0x000000000000366c                CodeFlashUsed = (__etext - ORIGIN (FLASH))
                0x00000000000036f4                TotalFlashUsed = (CodeFlashUsed + DataInitFlashUsed)
                0x0000000000000001                ASSERT ((TotalFlashUsed <= LENGTH (FLASH)), region FLASH overflowed with .data and user data)
OUTPUT(_build/nrf52832_xxaa.out elf32-littlearm)

.ARM.attributes
                0x0000000000000000       0x30
 .ARM.attributes
                0x0000000000000000       0x1e c:/tools/gnu_mcu_eclipse/arm_embedded_gcc/8.2.1-1.4-20190214-0604/bin/../lib/gcc/arm-none-eabi/8.2.1/thumb/v7e-m+fp/hard/crti.o
 .ARM.attributes
                0x000000000000001e       0x34 c:/tools/gnu_mcu_eclipse/arm_embedded_gcc/8.2.1-1.4-20190214-0604/bin/../lib/gcc/arm-none-eabi/8.2.1/thumb/v7e-m+fp/hard/crtbegin.o
 .ARM.attributes
                0x0000000000000052       0x1c c:/tools/gnu_mcu_eclipse/arm_embedded_gcc/8.2.1-1.4-20190214-0604/bin/../lib/gcc/arm-none-eabi/8.2.1/../../../../arm-none-eabi/lib/thumb/v7e-m+fp/hard/crt0.o
 .ARM.attributes
                0x000000000000006e       0x20 _build/nrf52832_xxaa/gcc_startup_nrf52.S.o
 .ARM.attributes
                0x000000000000008e       0x34 _build/nrf52832_xxaa/nrf_log_backend_serial.c.o
 .ARM.attributes
                0x00000000000000c2       0x34 _build/nrf52832_xxaa/nrf_log_backend_uart.c.o
 .ARM.attributes
                0x00000000000000f6       0x34 _build/nrf52832_xxaa/nrf_log_default_backends.c.o
 .ARM.attributes
                0x000000000000012a       0x34 _build/nrf52832_xxaa/nrf_log_frontend.c.o
 .ARM.attributes
                0x000000000000015e       0x34 _build/nrf52832_xxaa/nrf_log_str_formatter.c.o
 .ARM.attributes
                0x0000000000000192       0x34 _build/nrf52832_xxaa/app_error.c.o
 .ARM.attributes
                0x00000000000001c6       0x34 _build/nrf52832_xxaa/app_error_weak.c.o
 .ARM.attributes
                0x00000000000001fa       0x34 _build/nrf52832_xxaa/app_util_platform.c.o
 .ARM.attributes
                0x000000000000022e       0x34 _build/nrf52832_xxaa/nrf_atomic.c.o
 .ARM.attributes
                0x0000000000000262       0x34 _build/nrf52832_xxaa/nrf_balloc.c.o
 .ARM.attributes
                0x0000000000000296       0x34 _build/nrf52832_xxaa/nrf_fprintf.c.o
 .ARM.attributes
                0x00000000000002ca       0x34 _build/nrf52832_xxaa/nrf_fprintf_format.c.o
 .ARM.attributes
                0x00000000000002fe       0x34 _build/nrf52832_xxaa/nrf_memobj.c.o
 .ARM.attributes
                0x0000000000000332       0x34 _build/nrf52832_xxaa/nrf_ringbuf.c.o
 .ARM.attributes
                0x0000000000000366       0x34 _build/nrf52832_xxaa/nrf_drv_twi.c.o
 .ARM.attributes
                0x000000000000039a       0x34 _build/nrf52832_xxaa/nrf_drv_uart.c.o
 .ARM.attributes
                0x00000000000003ce       0x34 _build/nrf52832_xxaa/nrfx_prs.c.o
 .ARM.attributes
                0x0000000000000402       0x34 _build/nrf52832_xxaa/nrfx_twim.c.o
 .ARM.attributes
                0x0000000000000436       0x34 _build/nrf52832_xxaa/nrfx_uart.c.o
 .ARM.attributes
                0x000000000000046a       0x34 _build/nrf52832_xxaa/nrfx_uarte.c.o
 .ARM.attributes
                0x000000000000049e       0x34 _build/nrf52832_xxaa/main.c.o
 .ARM.attributes
                0x00000000000004d2       0x34 _build/nrf52832_xxaa/system_nrf52.c.o
 .ARM.attributes
                0x0000000000000506       0x34 _build/nrf52832_xxaa/bh1750.c.o
 .ARM.attributes
                0x000000000000053a       0x32 c:/tools/gnu_mcu_eclipse/arm_embedded_gcc/8.2.1-1.4-20190214-0604/bin/../lib/gcc/arm-none-eabi/8.2.1/../../../../arm-none-eabi/lib/thumb/v7e-m+fp/hard\libc_nano.a(lib_a-ctype_.o)
 .ARM.attributes
                0x000000000000056c       0x34 c:/tools/gnu_mcu_eclipse/arm_embedded_gcc/8.2.1-1.4-20190214-0604/bin/../lib/gcc/arm-none-eabi/8.2.1/../../../../arm-none-eabi/lib/thumb/v7e-m+fp/hard\libc_nano.a(lib_a-exit.o)
 .ARM.attributes
                0x00000000000005a0       0x32 c:/tools/gnu_mcu_eclipse/arm_embedded_gcc/8.2.1-1.4-20190214-0604/bin/../lib/gcc/arm-none-eabi/8.2.1/../../../../arm-none-eabi/lib/thumb/v7e-m+fp/hard\libc_nano.a(lib_a-impure.o)
 .ARM.attributes
                0x00000000000005d2       0x34 c:/tools/gnu_mcu_eclipse/arm_embedded_gcc/8.2.1-1.4-20190214-0604/bin/../lib/gcc/arm-none-eabi/8.2.1/../../../../arm-none-eabi/lib/thumb/v7e-m+fp/hard\libc_nano.a(lib_a-init.o)
 .ARM.attributes
                0x0000000000000606       0x34 c:/tools/gnu_mcu_eclipse/arm_embedded_gcc/8.2.1-1.4-20190214-0604/bin/../lib/gcc/arm-none-eabi/8.2.1/../../../../arm-none-eabi/lib/thumb/v7e-m+fp/hard\libc_nano.a(lib_a-memcpy-stub.o)
 .ARM.attributes
                0x000000000000063a       0x34 c:/tools/gnu_mcu_eclipse/arm_embedded_gcc/8.2.1-1.4-20190214-0604/bin/../lib/gcc/arm-none-eabi/8.2.1/../../../../arm-none-eabi/lib/thumb/v7e-m+fp/hard\libc_nano.a(lib_a-memset.o)
 .ARM.attributes
                0x000000000000066e       0x17 c:/tools/gnu_mcu_eclipse/arm_embedded_gcc/8.2.1-1.4-20190214-0604/bin/../lib/gcc/arm-none-eabi/8.2.1/../../../../arm-none-eabi/lib/thumb/v7e-m+fp/hard\libc_nano.a(lib_a-strlen.o)
 .ARM.attributes
                0x0000000000000685       0x34 c:/tools/gnu_mcu_eclipse/arm_embedded_gcc/8.2.1-1.4-20190214-0604/bin/../lib/gcc/arm-none-eabi/8.2.1/../../../../arm-none-eabi/lib/thumb/v7e-m+fp/hard\libnosys.a(_exit.o)
 .ARM.attributes
                0x00000000000006b9       0x32 c:/tools/gnu_mcu_eclipse/arm_embedded_gcc/8.2.1-1.4-20190214-0604/bin/../lib/gcc/arm-none-eabi/8.2.1/thumb/v7e-m+fp/hard/crtend.o
 .ARM.attributes
                0x00000000000006eb       0x1e c:/tools/gnu_mcu_eclipse/arm_embedded_gcc/8.2.1-1.4-20190214-0604/bin/../lib/gcc/arm-none-eabi/8.2.1/thumb/v7e-m+fp/hard/crtn.o

.comment        0x0000000000000000       0x68
 .comment       0x0000000000000000       0x68 _build/nrf52832_xxaa/nrf_log_backend_serial.c.o
                                         0x69 (size before relaxing)
 .comment       0x0000000000000068       0x69 _build/nrf52832_xxaa/nrf_log_backend_uart.c.o
 .comment       0x0000000000000068       0x69 _build/nrf52832_xxaa/nrf_log_default_backends.c.o
 .comment       0x0000000000000068       0x69 _build/nrf52832_xxaa/nrf_log_frontend.c.o
 .comment       0x0000000000000068       0x69 _build/nrf52832_xxaa/nrf_log_str_formatter.c.o
 .comment       0x0000000000000068       0x69 _build/nrf52832_xxaa/app_error.c.o
 .comment       0x0000000000000068       0x69 _build/nrf52832_xxaa/app_error_weak.c.o
 .comment       0x0000000000000068       0x69 _build/nrf52832_xxaa/app_util_platform.c.o
 .comment       0x0000000000000068       0x69 _build/nrf52832_xxaa/nrf_atomic.c.o
 .comment       0x0000000000000068       0x69 _build/nrf52832_xxaa/nrf_balloc.c.o
 .comment       0x0000000000000068       0x69 _build/nrf52832_xxaa/nrf_fprintf.c.o
 .comment       0x0000000000000068       0x69 _build/nrf52832_xxaa/nrf_fprintf_format.c.o
 .comment       0x0000000000000068       0x69 _build/nrf52832_xxaa/nrf_memobj.c.o
 .comment       0x0000000000000068       0x69 _build/nrf52832_xxaa/nrf_ringbuf.c.o
 .comment       0x0000000000000068       0x69 _build/nrf52832_xxaa/nrf_drv_twi.c.o
 .comment       0x0000000000000068       0x69 _build/nrf52832_xxaa/nrf_drv_uart.c.o
 .comment       0x0000000000000068       0x69 _build/nrf52832_xxaa/nrfx_prs.c.o
 .comment       0x0000000000000068       0x69 _build/nrf52832_xxaa/nrfx_twim.c.o
 .comment       0x0000000000000068       0x69 _build/nrf52832_xxaa/nrfx_uart.c.o
 .comment       0x0000000000000068       0x69 _build/nrf52832_xxaa/nrfx_uarte.c.o
 .comment       0x0000000000000068       0x69 _build/nrf52832_xxaa/main.c.o
 .comment       0x0000000000000068       0x69 _build/nrf52832_xxaa/system_nrf52.c.o
 .comment       0x0000000000000068       0x69 _build/nrf52832_xxaa/bh1750.c.o

.debug_line     0x0000000000000000    0x16a95
 .debug_line    0x0000000000000000       0xba _build/nrf52832_xxaa/gcc_startup_nrf52.S.o
 .debug_line    0x00000000000000ba      0xacb _build/nrf52832_xxaa/nrf_log_backend_serial.c.o
 .debug_line    0x0000000000000b85      0xf46 _build/nrf52832_xxaa/nrf_log_backend_uart.c.o
 .debug_line    0x0000000000001acb      0x97d _build/nrf52832_xxaa/nrf_log_default_backends.c.o
 .debug_line    0x0000000000002448     0x2dd0 _build/nrf52832_xxaa/nrf_log_frontend.c.o
 .debug_line    0x0000000000005218      0xbd5 _build/nrf52832_xxaa/nrf_log_str_formatter.c.o
 .debug_line    0x0000000000005ded      0x6a6 _build/nrf52832_xxaa/app_error.c.o
 .debug_line    0x0000000000006493      0xa85 _build/nrf52832_xxaa/app_error_weak.c.o
 .debug_line    0x0000000000006f18      0x76c _build/nrf52832_xxaa/app_util_platform.c.o
 .debug_line    0x0000000000007684      0x941 _build/nrf52832_xxaa/nrf_atomic.c.o
 .debug_line    0x0000000000007fc5      0xac3 _build/nrf52832_xxaa/nrf_balloc.c.o
 .debug_line    0x0000000000008a88      0x6b3 _build/nrf52832_xxaa/nrf_fprintf.c.o
 .debug_line    0x000000000000913b      0xea8 _build/nrf52832_xxaa/nrf_fprintf_format.c.o
 .debug_line    0x0000000000009fe3      0xcc5 _build/nrf52832_xxaa/nrf_memobj.c.o
 .debug_line    0x000000000000aca8      0xb32 _build/nrf52832_xxaa/nrf_ringbuf.c.o
 .debug_line    0x000000000000b7da      0xd32 _build/nrf52832_xxaa/nrf_drv_twi.c.o
 .debug_line    0x000000000000c50c      0xaa2 _build/nrf52832_xxaa/nrf_drv_uart.c.o
 .debug_line    0x000000000000cfae      0xc26 _build/nrf52832_xxaa/nrfx_prs.c.o
 .debug_line    0x000000000000dbd4     0x268c _build/nrf52832_xxaa/nrfx_twim.c.o
 .debug_line    0x0000000000010260     0x2175 _build/nrf52832_xxaa/nrfx_uart.c.o
 .debug_line    0x00000000000123d5     0x1e92 _build/nrf52832_xxaa/nrfx_uarte.c.o
 .debug_line    0x0000000000014267      0xeec _build/nrf52832_xxaa/main.c.o
 .debug_line    0x0000000000015153      0x99a _build/nrf52832_xxaa/system_nrf52.c.o
 .debug_line    0x0000000000015aed      0xfa8 _build/nrf52832_xxaa/bh1750.c.o

.debug_info     0x0000000000000000    0x27f76
 .debug_info    0x0000000000000000       0x26 _build/nrf52832_xxaa/gcc_startup_nrf52.S.o
 .debug_info    0x0000000000000026     0x11fe _build/nrf52832_xxaa/nrf_log_backend_serial.c.o
 .debug_info    0x0000000000001224     0x1c4c _build/nrf52832_xxaa/nrf_log_backend_uart.c.o
 .debug_info    0x0000000000002e70      0xd48 _build/nrf52832_xxaa/nrf_log_default_backends.c.o
 .debug_info    0x0000000000003bb8     0x4a8f _build/nrf52832_xxaa/nrf_log_frontend.c.o
 .debug_info    0x0000000000008647     0x13d4 _build/nrf52832_xxaa/nrf_log_str_formatter.c.o
 .debug_info    0x0000000000009a1b      0xbac _build/nrf52832_xxaa/app_error.c.o
 .debug_info    0x000000000000a5c7      0xfd5 _build/nrf52832_xxaa/app_error_weak.c.o
 .debug_info    0x000000000000b59c     0x10d3 _build/nrf52832_xxaa/app_util_platform.c.o
 .debug_info    0x000000000000c66f     0x1434 _build/nrf52832_xxaa/nrf_atomic.c.o
 .debug_info    0x000000000000daa3      0xe40 _build/nrf52832_xxaa/nrf_balloc.c.o
 .debug_info    0x000000000000e8e3      0xb51 _build/nrf52832_xxaa/nrf_fprintf.c.o
 .debug_info    0x000000000000f434     0x142c _build/nrf52832_xxaa/nrf_fprintf_format.c.o
 .debug_info    0x0000000000010860     0x15c0 _build/nrf52832_xxaa/nrf_memobj.c.o
 .debug_info    0x0000000000011e20      0xf48 _build/nrf52832_xxaa/nrf_ringbuf.c.o
 .debug_info    0x0000000000012d68     0x1f32 _build/nrf52832_xxaa/nrf_drv_twi.c.o
 .debug_info    0x0000000000014c9a     0x1a96 _build/nrf52832_xxaa/nrf_drv_uart.c.o
 .debug_info    0x0000000000016730     0x11a6 _build/nrf52832_xxaa/nrfx_prs.c.o
 .debug_info    0x00000000000178d6     0x4423 _build/nrf52832_xxaa/nrfx_twim.c.o
 .debug_info    0x000000000001bcf9     0x4103 _build/nrf52832_xxaa/nrfx_uart.c.o
 .debug_info    0x000000000001fdfc     0x3d39 _build/nrf52832_xxaa/nrfx_uarte.c.o
 .debug_info    0x0000000000023b35     0x1788 _build/nrf52832_xxaa/main.c.o
 .debug_info    0x00000000000252bd     0x1277 _build/nrf52832_xxaa/system_nrf52.c.o
 .debug_info    0x0000000000026534     0x1a42 _build/nrf52832_xxaa/bh1750.c.o

.debug_abbrev   0x0000000000000000     0x52f7
 .debug_abbrev  0x0000000000000000       0x14 _build/nrf52832_xxaa/gcc_startup_nrf52.S.o
 .debug_abbrev  0x0000000000000014      0x2bd _build/nrf52832_xxaa/nrf_log_backend_serial.c.o
 .debug_abbrev  0x00000000000002d1      0x41d _build/nrf52832_xxaa/nrf_log_backend_uart.c.o
 .debug_abbrev  0x00000000000006ee      0x294 _build/nrf52832_xxaa/nrf_log_default_backends.c.o
 .debug_abbrev  0x0000000000000982      0x624 _build/nrf52832_xxaa/nrf_log_frontend.c.o
 .debug_abbrev  0x0000000000000fa6      0x320 _build/nrf52832_xxaa/nrf_log_str_formatter.c.o
 .debug_abbrev  0x00000000000012c6      0x276 _build/nrf52832_xxaa/app_error.c.o
 .debug_abbrev  0x000000000000153c      0x2e9 _build/nrf52832_xxaa/app_error_weak.c.o
 .debug_abbrev  0x0000000000001825      0x388 _build/nrf52832_xxaa/app_util_platform.c.o
 .debug_abbrev  0x0000000000001bad      0x378 _build/nrf52832_xxaa/nrf_atomic.c.o
 .debug_abbrev  0x0000000000001f25      0x343 _build/nrf52832_xxaa/nrf_balloc.c.o
 .debug_abbrev  0x0000000000002268      0x27d _build/nrf52832_xxaa/nrf_fprintf.c.o
 .debug_abbrev  0x00000000000024e5      0x3b8 _build/nrf52832_xxaa/nrf_fprintf_format.c.o
 .debug_abbrev  0x000000000000289d      0x39e _build/nrf52832_xxaa/nrf_memobj.c.o
 .debug_abbrev  0x0000000000002c3b      0x2a1 _build/nrf52832_xxaa/nrf_ringbuf.c.o
 .debug_abbrev  0x0000000000002edc      0x456 _build/nrf52832_xxaa/nrf_drv_twi.c.o
 .debug_abbrev  0x0000000000003332      0x2da _build/nrf52832_xxaa/nrf_drv_uart.c.o
 .debug_abbrev  0x000000000000360c      0x36f _build/nrf52832_xxaa/nrfx_prs.c.o
 .debug_abbrev  0x000000000000397b      0x59c _build/nrf52832_xxaa/nrfx_twim.c.o
 .debug_abbrev  0x0000000000003f17      0x585 _build/nrf52832_xxaa/nrfx_uart.c.o
 .debug_abbrev  0x000000000000449c      0x558 _build/nrf52832_xxaa/nrfx_uarte.c.o
 .debug_abbrev  0x00000000000049f4      0x355 _build/nrf52832_xxaa/main.c.o
 .debug_abbrev  0x0000000000004d49      0x226 _build/nrf52832_xxaa/system_nrf52.c.o
 .debug_abbrev  0x0000000000004f6f      0x388 _build/nrf52832_xxaa/bh1750.c.o

.debug_aranges  0x0000000000000000      0x648
 .debug_aranges
                0x0000000000000000       0x20 _build/nrf52832_xxaa/gcc_startup_nrf52.S.o
 .debug_aranges
                0x0000000000000020       0x20 _build/nrf52832_xxaa/nrf_log_backend_serial.c.o
 .debug_aranges
                0x0000000000000040       0x48 _build/nrf52832_xxaa/nrf_log_backend_uart.c.o
 .debug_aranges
                0x0000000000000088       0x20 _build/nrf52832_xxaa/nrf_log_default_backends.c.o
 .debug_aranges
                0x00000000000000a8       0xb8 _build/nrf52832_xxaa/nrf_log_frontend.c.o
 .debug_aranges
                0x0000000000000160       0x38 _build/nrf52832_xxaa/nrf_log_str_formatter.c.o
 .debug_aranges
                0x0000000000000198       0x28 _build/nrf52832_xxaa/app_error.c.o
 .debug_aranges
                0x00000000000001c0       0x20 _build/nrf52832_xxaa/app_error_weak.c.o
 .debug_aranges
                0x00000000000001e0       0x48 _build/nrf52832_xxaa/app_util_platform.c.o
 .debug_aranges
                0x0000000000000228       0xb0 _build/nrf52832_xxaa/nrf_atomic.c.o
 .debug_aranges
                0x00000000000002d8       0x30 _build/nrf52832_xxaa/nrf_balloc.c.o
 .debug_aranges
                0x0000000000000308       0x28 _build/nrf52832_xxaa/nrf_fprintf.c.o
 .debug_aranges
                0x0000000000000330       0x28 _build/nrf52832_xxaa/nrf_fprintf_format.c.o
 .debug_aranges
                0x0000000000000358       0x50 _build/nrf52832_xxaa/nrf_memobj.c.o
 .debug_aranges
                0x00000000000003a8       0x50 _build/nrf52832_xxaa/nrf_ringbuf.c.o
 .debug_aranges
                0x00000000000003f8       0x28 _build/nrf52832_xxaa/nrf_drv_twi.c.o
 .debug_aranges
                0x0000000000000420       0x30 _build/nrf52832_xxaa/nrf_drv_uart.c.o
 .debug_aranges
                0x0000000000000450       0x30 _build/nrf52832_xxaa/nrfx_prs.c.o
 .debug_aranges
                0x0000000000000480       0x70 _build/nrf52832_xxaa/nrfx_twim.c.o
 .debug_aranges
                0x00000000000004f0       0x78 _build/nrf52832_xxaa/nrfx_uart.c.o
 .debug_aranges
                0x0000000000000568       0x68 _build/nrf52832_xxaa/nrfx_uarte.c.o
 .debug_aranges
                0x00000000000005d0       0x20 _build/nrf52832_xxaa/main.c.o
 .debug_aranges
                0x00000000000005f0       0x28 _build/nrf52832_xxaa/system_nrf52.c.o
 .debug_aranges
                0x0000000000000618       0x30 _build/nrf52832_xxaa/bh1750.c.o

.debug_str      0x0000000000000000    0x7acae
 .debug_str     0x0000000000000000       0xe6 _build/nrf52832_xxaa/gcc_startup_nrf52.S.o
 .debug_str     0x00000000000000e6    0x6daa2 _build/nrf52832_xxaa/nrf_log_backend_serial.c.o
                                      0x6eac2 (size before relaxing)
 .debug_str     0x000000000006db88     0x42ff _build/nrf52832_xxaa/nrf_log_backend_uart.c.o
                                      0x728cc (size before relaxing)
 .debug_str     0x0000000000071e87      0x150 _build/nrf52832_xxaa/nrf_log_default_backends.c.o
                                      0x6e879 (size before relaxing)
 .debug_str     0x0000000000071fd7     0x139a _build/nrf52832_xxaa/nrf_log_frontend.c.o
                                      0x6fd24 (size before relaxing)
 .debug_str     0x0000000000073371      0x6da _build/nrf52832_xxaa/nrf_log_str_formatter.c.o
                                      0x6efe4 (size before relaxing)
 .debug_str     0x0000000000073a4b      0x128 _build/nrf52832_xxaa/app_error.c.o
                                      0x60a8c (size before relaxing)
 .debug_str     0x0000000000073b73      0x10d _build/nrf52832_xxaa/app_error_weak.c.o
                                      0x6ef42 (size before relaxing)
 .debug_str     0x0000000000073c80      0x3db _build/nrf52832_xxaa/app_util_platform.c.o
                                      0x6127e (size before relaxing)
 .debug_str     0x000000000007405b      0x6ed _build/nrf52832_xxaa/nrf_atomic.c.o
                                      0x6a983 (size before relaxing)
 .debug_str     0x0000000000074748      0x198 _build/nrf52832_xxaa/nrf_balloc.c.o
                                      0x6e8d2 (size before relaxing)
 .debug_str     0x00000000000748e0      0x178 _build/nrf52832_xxaa/nrf_fprintf.c.o
                                      0x6a5dc (size before relaxing)
 .debug_str     0x0000000000074a58      0x151 _build/nrf52832_xxaa/nrf_fprintf_format.c.o
                                      0x6a6d1 (size before relaxing)
 .debug_str     0x0000000000074ba9      0x1e0 _build/nrf52832_xxaa/nrf_memobj.c.o
                                      0x6cc96 (size before relaxing)
 .debug_str     0x0000000000074d89      0x116 _build/nrf52832_xxaa/nrf_ringbuf.c.o
                                      0x6b388 (size before relaxing)
 .debug_str     0x0000000000074e9f     0x1b39 _build/nrf52832_xxaa/nrf_drv_twi.c.o
                                      0x6f93b (size before relaxing)
 .debug_str     0x00000000000769d8      0x485 _build/nrf52832_xxaa/nrf_drv_uart.c.o
                                      0x6f0df (size before relaxing)
 .debug_str     0x0000000000076e5d      0x671 _build/nrf52832_xxaa/nrfx_prs.c.o
                                      0x71302 (size before relaxing)
 .debug_str     0x00000000000774ce     0x1113 _build/nrf52832_xxaa/nrfx_twim.c.o
                                      0x72d0c (size before relaxing)
 .debug_str     0x00000000000785e1      0x701 _build/nrf52832_xxaa/nrfx_uart.c.o
                                      0x7249c (size before relaxing)
 .debug_str     0x0000000000078ce2      0x986 _build/nrf52832_xxaa/nrfx_uarte.c.o
                                      0x72930 (size before relaxing)
 .debug_str     0x0000000000079668     0x10d8 _build/nrf52832_xxaa/main.c.o
                                      0x74414 (size before relaxing)
 .debug_str     0x000000000007a740      0x478 _build/nrf52832_xxaa/system_nrf52.c.o
                                      0x5c59b (size before relaxing)
 .debug_str     0x000000000007abb8       0xf6 _build/nrf52832_xxaa/bh1750.c.o
                                      0x73518 (size before relaxing)

.debug_loc      0x0000000000000000    0x107e1
 .debug_loc     0x0000000000000000      0x1a3 _build/nrf52832_xxaa/nrf_log_backend_serial.c.o
 .debug_loc     0x00000000000001a3      0x334 _build/nrf52832_xxaa/nrf_log_backend_uart.c.o
 .debug_loc     0x00000000000004d7       0x17 _build/nrf52832_xxaa/nrf_log_default_backends.c.o
 .debug_loc     0x00000000000004ee     0x5769 _build/nrf52832_xxaa/nrf_log_frontend.c.o
 .debug_loc     0x0000000000005c57      0x486 _build/nrf52832_xxaa/nrf_log_str_formatter.c.o
 .debug_loc     0x00000000000060dd       0xc9 _build/nrf52832_xxaa/app_error.c.o
 .debug_loc     0x00000000000061a6       0x6f _build/nrf52832_xxaa/app_error_weak.c.o
 .debug_loc     0x0000000000006215      0x11a _build/nrf52832_xxaa/app_util_platform.c.o
 .debug_loc     0x000000000000632f      0x5c9 _build/nrf52832_xxaa/nrf_atomic.c.o
 .debug_loc     0x00000000000068f8      0x285 _build/nrf52832_xxaa/nrf_balloc.c.o
 .debug_loc     0x0000000000006b7d       0x54 _build/nrf52832_xxaa/nrf_fprintf.c.o
 .debug_loc     0x0000000000006bd1     0x111e _build/nrf52832_xxaa/nrf_fprintf_format.c.o
 .debug_loc     0x0000000000007cef      0xebd _build/nrf52832_xxaa/nrf_memobj.c.o
 .debug_loc     0x0000000000008bac      0x6d4 _build/nrf52832_xxaa/nrf_ringbuf.c.o
 .debug_loc     0x0000000000009280      0x59b _build/nrf52832_xxaa/nrf_drv_twi.c.o
 .debug_loc     0x000000000000981b      0x1e6 _build/nrf52832_xxaa/nrf_drv_uart.c.o
 .debug_loc     0x0000000000009a01      0x11e _build/nrf52832_xxaa/nrfx_prs.c.o
 .debug_loc     0x0000000000009b1f     0x2c2f _build/nrf52832_xxaa/nrfx_twim.c.o
 .debug_loc     0x000000000000c74e     0x208a _build/nrf52832_xxaa/nrfx_uart.c.o
 .debug_loc     0x000000000000e7d8     0x1c91 _build/nrf52832_xxaa/nrfx_uarte.c.o
 .debug_loc     0x0000000000010469       0x86 _build/nrf52832_xxaa/main.c.o
 .debug_loc     0x00000000000104ef      0x2f2 _build/nrf52832_xxaa/bh1750.c.o

.debug_ranges   0x0000000000000000     0x3330
 .debug_ranges  0x0000000000000000       0x28 _build/nrf52832_xxaa/nrf_log_backend_serial.c.o
 .debug_ranges  0x0000000000000028      0x110 _build/nrf52832_xxaa/nrf_log_backend_uart.c.o
 .debug_ranges  0x0000000000000138       0x10 _build/nrf52832_xxaa/nrf_log_default_backends.c.o
 .debug_ranges  0x0000000000000148      0xca0 _build/nrf52832_xxaa/nrf_log_frontend.c.o
 .debug_ranges  0x0000000000000de8       0xa8 _build/nrf52832_xxaa/nrf_log_str_formatter.c.o
 .debug_ranges  0x0000000000000e90       0x18 _build/nrf52832_xxaa/app_error.c.o
 .debug_ranges  0x0000000000000ea8       0x28 _build/nrf52832_xxaa/app_error_weak.c.o
 .debug_ranges  0x0000000000000ed0       0x50 _build/nrf52832_xxaa/app_util_platform.c.o
 .debug_ranges  0x0000000000000f20       0xd8 _build/nrf52832_xxaa/nrf_atomic.c.o
 .debug_ranges  0x0000000000000ff8       0x40 _build/nrf52832_xxaa/nrf_balloc.c.o
 .debug_ranges  0x0000000000001038       0x18 _build/nrf52832_xxaa/nrf_fprintf.c.o
 .debug_ranges  0x0000000000001050      0x270 _build/nrf52832_xxaa/nrf_fprintf_format.c.o
 .debug_ranges  0x00000000000012c0       0xb8 _build/nrf52832_xxaa/nrf_memobj.c.o
 .debug_ranges  0x0000000000001378       0x40 _build/nrf52832_xxaa/nrf_ringbuf.c.o
 .debug_ranges  0x00000000000013b8      0x1b8 _build/nrf52832_xxaa/nrf_drv_twi.c.o
 .debug_ranges  0x0000000000001570       0x20 _build/nrf52832_xxaa/nrf_drv_uart.c.o
 .debug_ranges  0x0000000000001590       0x50 _build/nrf52832_xxaa/nrfx_prs.c.o
 .debug_ranges  0x00000000000015e0      0xa10 _build/nrf52832_xxaa/nrfx_twim.c.o
 .debug_ranges  0x0000000000001ff0      0x8a0 _build/nrf52832_xxaa/nrfx_uart.c.o
 .debug_ranges  0x0000000000002890      0x790 _build/nrf52832_xxaa/nrfx_uarte.c.o
 .debug_ranges  0x0000000000003020       0x50 _build/nrf52832_xxaa/main.c.o
 .debug_ranges  0x0000000000003070      0x208 _build/nrf52832_xxaa/system_nrf52.c.o
 .debug_ranges  0x0000000000003278       0xb8 _build/nrf52832_xxaa/bh1750.c.o

.debug_macro    0x0000000000000000     0x6686
 .debug_macro   0x0000000000000000      0x371 _build/nrf52832_xxaa/nrf_log_backend_serial.c.o
 .debug_macro   0x0000000000000371       0x16 _build/nrf52832_xxaa/nrf_log_backend_serial.c.o
 .debug_macro   0x0000000000000387       0x22 _build/nrf52832_xxaa/nrf_log_backend_serial.c.o
 .debug_macro   0x00000000000003a9       0x1c _build/nrf52832_xxaa/nrf_log_backend_serial.c.o
 .debug_macro   0x00000000000003c5       0x10 _build/nrf52832_xxaa/nrf_log_backend_serial.c.o
 .debug_macro   0x00000000000003d5       0x10 _build/nrf52832_xxaa/nrf_log_backend_serial.c.o
 .debug_macro   0x00000000000003e5       0xb6 _build/nrf52832_xxaa/nrf_log_backend_serial.c.o
 .debug_macro   0x000000000000049b       0x16 _build/nrf52832_xxaa/nrf_log_backend_serial.c.o
 .debug_macro   0x00000000000004b1      0x129 _build/nrf52832_xxaa/nrf_log_backend_serial.c.o
 .debug_macro   0x00000000000005da       0x49 _build/nrf52832_xxaa/nrf_log_backend_serial.c.o
 .debug_macro   0x0000000000000623       0x8c _build/nrf52832_xxaa/nrf_log_backend_serial.c.o
 .debug_macro   0x00000000000006af       0x31 _build/nrf52832_xxaa/nrf_log_backend_serial.c.o
 .debug_macro   0x00000000000006e0       0x55 _build/nrf52832_xxaa/nrf_log_backend_serial.c.o
 .debug_macro   0x0000000000000735       0x98 _build/nrf52832_xxaa/nrf_log_backend_serial.c.o
 .debug_macro   0x00000000000007cd       0x10 _build/nrf52832_xxaa/nrf_log_backend_serial.c.o
 .debug_macro   0x00000000000007dd       0x1d _build/nrf52832_xxaa/nrf_log_backend_serial.c.o
 .debug_macro   0x00000000000007fa       0x2e _build/nrf52832_xxaa/nrf_log_backend_serial.c.o
 .debug_macro   0x0000000000000828       0x1c _build/nrf52832_xxaa/nrf_log_backend_serial.c.o
 .debug_macro   0x0000000000000844      0x185 _build/nrf52832_xxaa/nrf_log_backend_serial.c.o
 .debug_macro   0x00000000000009c9      0x454 _build/nrf52832_xxaa/nrf_log_backend_uart.c.o
 .debug_macro   0x0000000000000e1d      0x3b1 _build/nrf52832_xxaa/nrf_log_backend_uart.c.o
 .debug_macro   0x00000000000011ce       0x52 _build/nrf52832_xxaa/nrf_log_backend_uart.c.o
 .debug_macro   0x0000000000001220      0x25d _build/nrf52832_xxaa/nrf_log_backend_uart.c.o
 .debug_macro   0x000000000000147d      0x125 _build/nrf52832_xxaa/nrf_log_backend_uart.c.o
 .debug_macro   0x00000000000015a2       0x5a _build/nrf52832_xxaa/nrf_log_backend_uart.c.o
 .debug_macro   0x00000000000015fc       0x1d _build/nrf52832_xxaa/nrf_log_backend_uart.c.o
 .debug_macro   0x0000000000001619       0xac _build/nrf52832_xxaa/nrf_log_backend_uart.c.o
 .debug_macro   0x00000000000016c5       0x64 _build/nrf52832_xxaa/nrf_log_backend_uart.c.o
 .debug_macro   0x0000000000001729       0x20 _build/nrf52832_xxaa/nrf_log_backend_uart.c.o
 .debug_macro   0x0000000000001749       0x10 _build/nrf52832_xxaa/nrf_log_backend_uart.c.o
 .debug_macro   0x0000000000001759       0x10 _build/nrf52832_xxaa/nrf_log_backend_uart.c.o
 .debug_macro   0x0000000000001769       0x10 _build/nrf52832_xxaa/nrf_log_backend_uart.c.o
 .debug_macro   0x0000000000001779       0x10 _build/nrf52832_xxaa/nrf_log_backend_uart.c.o
 .debug_macro   0x0000000000001789       0x10 _build/nrf52832_xxaa/nrf_log_backend_uart.c.o
 .debug_macro   0x0000000000001799       0x3f _build/nrf52832_xxaa/nrf_log_backend_uart.c.o
 .debug_macro   0x00000000000017d8      0x362 _build/nrf52832_xxaa/nrf_log_default_backends.c.o
 .debug_macro   0x0000000000001b3a       0x10 _build/nrf52832_xxaa/nrf_log_default_backends.c.o
 .debug_macro   0x0000000000001b4a      0x3e3 _build/nrf52832_xxaa/nrf_log_frontend.c.o
 .debug_macro   0x0000000000001f2d       0x16 _build/nrf52832_xxaa/nrf_log_frontend.c.o
 .debug_macro   0x0000000000001f43       0x9a _build/nrf52832_xxaa/nrf_log_frontend.c.o
 .debug_macro   0x0000000000001fdd       0x9e _build/nrf52832_xxaa/nrf_log_frontend.c.o
 .debug_macro   0x000000000000207b      0x3b3 _build/nrf52832_xxaa/nrf_log_str_formatter.c.o
 .debug_macro   0x000000000000242e       0xa2 _build/nrf52832_xxaa/nrf_log_str_formatter.c.o
 .debug_macro   0x00000000000024d0      0x21f _build/nrf52832_xxaa/app_error.c.o
 .debug_macro   0x00000000000026ef       0x35 _build/nrf52832_xxaa/app_error.c.o
 .debug_macro   0x0000000000002724       0x97 _build/nrf52832_xxaa/app_error.c.o
 .debug_macro   0x00000000000027bb       0xf6 _build/nrf52832_xxaa/app_error.c.o
 .debug_macro   0x00000000000028b1      0x361 _build/nrf52832_xxaa/app_error_weak.c.o
 .debug_macro   0x0000000000002c12       0x16 _build/nrf52832_xxaa/app_error_weak.c.o
 .debug_macro   0x0000000000002c28       0x92 _build/nrf52832_xxaa/app_error_weak.c.o
 .debug_macro   0x0000000000002cba      0x235 _build/nrf52832_xxaa/app_util_platform.c.o
 .debug_macro   0x0000000000002eef      0x223 _build/nrf52832_xxaa/nrf_atomic.c.o
 .debug_macro   0x0000000000003112       0x42 _build/nrf52832_xxaa/nrf_atomic.c.o
 .debug_macro   0x0000000000003154      0x326 _build/nrf52832_xxaa/nrf_balloc.c.o
 .debug_macro   0x000000000000347a       0x10 _build/nrf52832_xxaa/nrf_balloc.c.o
 .debug_macro   0x000000000000348a      0x22f _build/nrf52832_xxaa/nrf_fprintf.c.o
 .debug_macro   0x00000000000036b9       0x58 _build/nrf52832_xxaa/nrf_fprintf.c.o
 .debug_macro   0x0000000000003711      0x241 _build/nrf52832_xxaa/nrf_fprintf_format.c.o
 .debug_macro   0x0000000000003952      0x309 _build/nrf52832_xxaa/nrf_memobj.c.o
 .debug_macro   0x0000000000003c5b      0x10e _build/nrf52832_xxaa/nrf_memobj.c.o
 .debug_macro   0x0000000000003d69       0x86 _build/nrf52832_xxaa/nrf_memobj.c.o
 .debug_macro   0x0000000000003def       0x54 _build/nrf52832_xxaa/nrf_memobj.c.o
 .debug_macro   0x0000000000003e43      0x2b8 _build/nrf52832_xxaa/nrf_ringbuf.c.o
 .debug_macro   0x00000000000040fb      0x390 _build/nrf52832_xxaa/nrf_drv_twi.c.o
 .debug_macro   0x000000000000448b       0x50 _build/nrf52832_xxaa/nrf_drv_twi.c.o
 .debug_macro   0x00000000000044db       0x38 _build/nrf52832_xxaa/nrf_drv_twi.c.o
 .debug_macro   0x0000000000004513       0x78 _build/nrf52832_xxaa/nrf_drv_twi.c.o
 .debug_macro   0x000000000000458b       0x10 _build/nrf52832_xxaa/nrf_drv_twi.c.o
 .debug_macro   0x000000000000459b       0x1c _build/nrf52832_xxaa/nrf_drv_twi.c.o
 .debug_macro   0x00000000000045b7      0x363 _build/nrf52832_xxaa/nrf_drv_uart.c.o
 .debug_macro   0x000000000000491a      0x3d0 _build/nrf52832_xxaa/nrfx_prs.c.o
 .debug_macro   0x0000000000004cea       0x28 _build/nrf52832_xxaa/nrfx_prs.c.o
 .debug_macro   0x0000000000004d12       0x1c _build/nrf52832_xxaa/nrfx_prs.c.o
 .debug_macro   0x0000000000004d2e       0x37 _build/nrf52832_xxaa/nrfx_prs.c.o
 .debug_macro   0x0000000000004d65      0x17f _build/nrf52832_xxaa/nrfx_prs.c.o
 .debug_macro   0x0000000000004ee4       0x42 _build/nrf52832_xxaa/nrfx_prs.c.o
 .debug_macro   0x0000000000004f26      0x41c _build/nrf52832_xxaa/nrfx_twim.c.o
 .debug_macro   0x0000000000005342      0x3eb _build/nrf52832_xxaa/nrfx_uart.c.o
 .debug_macro   0x000000000000572d      0x409 _build/nrf52832_xxaa/nrfx_uarte.c.o
 .debug_macro   0x0000000000005b36      0x492 _build/nrf52832_xxaa/main.c.o
 .debug_macro   0x0000000000005fc8       0x5e _build/nrf52832_xxaa/main.c.o
 .debug_macro   0x0000000000006026       0x5c _build/nrf52832_xxaa/main.c.o
 .debug_macro   0x0000000000006082       0x57 _build/nrf52832_xxaa/main.c.o
 .debug_macro   0x00000000000060d9       0x16 _build/nrf52832_xxaa/main.c.o
 .debug_macro   0x00000000000060ef       0x10 _build/nrf52832_xxaa/main.c.o
 .debug_macro   0x00000000000060ff       0xf1 _build/nrf52832_xxaa/system_nrf52.c.o
 .debug_macro   0x00000000000061f0      0x486 _build/nrf52832_xxaa/bh1750.c.o
 .debug_macro   0x0000000000006676       0x10 _build/nrf52832_xxaa/bh1750.c.o

.debug_frame    0x0000000000000000     0x1200
 .debug_frame   0x0000000000000000       0x40 _build/nrf52832_xxaa/nrf_log_backend_serial.c.o
 .debug_frame   0x0000000000000040       0xb8 _build/nrf52832_xxaa/nrf_log_backend_uart.c.o
 .debug_frame   0x00000000000000f8       0x28 _build/nrf52832_xxaa/nrf_log_default_backends.c.o
 .debug_frame   0x0000000000000120      0x314 _build/nrf52832_xxaa/nrf_log_frontend.c.o
 .debug_frame   0x0000000000000434       0xac _build/nrf52832_xxaa/nrf_log_str_formatter.c.o
 .debug_frame   0x00000000000004e0       0x54 _build/nrf52832_xxaa/app_error.c.o
 .debug_frame   0x0000000000000534       0x28 _build/nrf52832_xxaa/app_error_weak.c.o
 .debug_frame   0x000000000000055c       0x70 _build/nrf52832_xxaa/app_util_platform.c.o
 .debug_frame   0x00000000000005cc      0x150 _build/nrf52832_xxaa/nrf_atomic.c.o
 .debug_frame   0x000000000000071c       0x6c _build/nrf52832_xxaa/nrf_balloc.c.o
 .debug_frame   0x0000000000000788       0x5c _build/nrf52832_xxaa/nrf_fprintf.c.o
 .debug_frame   0x00000000000007e4       0xa0 _build/nrf52832_xxaa/nrf_fprintf_format.c.o
 .debug_frame   0x0000000000000884       0xe8 _build/nrf52832_xxaa/nrf_memobj.c.o
 .debug_frame   0x000000000000096c       0xdc _build/nrf52832_xxaa/nrf_ringbuf.c.o
 .debug_frame   0x0000000000000a48       0x6c _build/nrf52832_xxaa/nrf_drv_twi.c.o
 .debug_frame   0x0000000000000ab4       0x7c _build/nrf52832_xxaa/nrf_drv_uart.c.o
 .debug_frame   0x0000000000000b30       0x4c _build/nrf52832_xxaa/nrfx_prs.c.o
 .debug_frame   0x0000000000000b7c      0x1b0 _build/nrf52832_xxaa/nrfx_twim.c.o
 .debug_frame   0x0000000000000d2c      0x188 _build/nrf52832_xxaa/nrfx_uart.c.o
 .debug_frame   0x0000000000000eb4      0x194 _build/nrf52832_xxaa/nrfx_uarte.c.o
 .debug_frame   0x0000000000001048       0x34 _build/nrf52832_xxaa/main.c.o
 .debug_frame   0x000000000000107c       0x40 _build/nrf52832_xxaa/system_nrf52.c.o
 .debug_frame   0x00000000000010bc       0x88 _build/nrf52832_xxaa/bh1750.c.o
 .debug_frame   0x0000000000001144       0x28 c:/tools/gnu_mcu_eclipse/arm_embedded_gcc/8.2.1-1.4-20190214-0604/bin/../lib/gcc/arm-none-eabi/8.2.1/../../../../arm-none-eabi/lib/thumb/v7e-m+fp/hard\libc_nano.a(lib_a-exit.o)
 .debug_frame   0x000000000000116c       0x2c c:/tools/gnu_mcu_eclipse/arm_embedded_gcc/8.2.1-1.4-20190214-0604/bin/../lib/gcc/arm-none-eabi/8.2.1/../../../../arm-none-eabi/lib/thumb/v7e-m+fp/hard\libc_nano.a(lib_a-init.o)
 .debug_frame   0x0000000000001198       0x28 c:/tools/gnu_mcu_eclipse/arm_embedded_gcc/8.2.1-1.4-20190214-0604/bin/../lib/gcc/arm-none-eabi/8.2.1/../../../../arm-none-eabi/lib/thumb/v7e-m+fp/hard\libc_nano.a(lib_a-memcpy-stub.o)
 .debug_frame   0x00000000000011c0       0x20 c:/tools/gnu_mcu_eclipse/arm_embedded_gcc/8.2.1-1.4-20190214-0604/bin/../lib/gcc/arm-none-eabi/8.2.1/../../../../arm-none-eabi/lib/thumb/v7e-m+fp/hard\libc_nano.a(lib_a-memset.o)
 .debug_frame   0x00000000000011e0       0x20 c:/tools/gnu_mcu_eclipse/arm_embedded_gcc/8.2.1-1.4-20190214-0604/bin/../lib/gcc/arm-none-eabi/8.2.1/../../../../arm-none-eabi/lib/thumb/v7e-m+fp/hard\libnosys.a(_exit.o)
